<html>
<body>
<pre>
<h1>µVision Build Log</h1>
<h2>Tool Versions:</h2>
IDE-Version: ¦ÌVision V5.43.1.0
Copyright (C) 2025 ARM Ltd and ARM Germany GmbH. All rights reserved.
License Information: zhu zhichao, CUGB, LIC=JL28G-VIVLV-BSRYX-HDS2W-JSC4D-TUYK0
 
Tool Versions:
Toolchain:       MDK-ARM Plus  Version: 5.43.0.0
Toolchain Path:  D:\Infineon\Keli\Keil_v5\ARM\ARMCLANG\Bin
C Compiler:      ArmClang.exe V6.24
Assembler:       Armasm.exe V6.24
Linker/Locator:  ArmLink.exe V6.24
Library Manager: ArmAr.exe V6.24
Hex Converter:   FromElf.exe V6.24
CPU DLL:         SARMCM3.DLL V5.43.0.0
Dialog DLL:      DARMCM1.DLL V1.19.6.0
Target DLL:      CMSIS_AGDI.dll V1.33.24.0
Dialog DLL:      TARMCM1.DLL V1.14.6.0
 
<h2>Project:</h2>
D:\ti\keil_project\WHEELTEC_C07A_R3XAkm\keil\empty_LP_MSPM0G3507_nortos_keil.uvprojx
Project File Date:  07/31/2026

<h2>Output:</h2>
*** Using Compiler 'V6.24', folder: 'D:\Infineon\Keli\Keil_v5\ARM\ARMCLANG\Bin'
Rebuild target 'MSPM0G3507_Project'
Before Build - User command #1: cmd.exe /C "D:\ti\keil_project\WHEELTEC_C07A_R3XAkm\keil\../tools/keil/syscfg.bat 'D:\ti\keil_project\WHEELTEC_C07A_R3XAkm\keil\' empty.syscfg"
Couldn't find Sysconfig Tool "C:\ti\sysconfig_1.20.0\sysconfig_cli.bat"
"Update the file located at <sdk path>/tools/keil/syscfg.bat"
compiling dl_vref.c...
compiling dl_rtc_common.c...
compiling dl_spi.c...
assembling startup_mspm0g350x_uvision.s...
compiling dl_uart.c...
compiling dl_trng.c...
compiling dl_opa.c...
compiling empty.c...
compiling dl_timer.c...
compiling dl_mcan.c...
compiling dl_mathacl.c...
compiling board.c...
compiling ti_msp_dl_config.c...
compiling dl_lcd.c...
compiling dl_lfss.c...
compiling dl_keystorectl.c...
compiling dl_i2c.c...
compiling dl_dma.c...
compiling dl_crcp.c...
compiling dl_dac12.c...
compiling dl_crc.c...
compiling dl_flashctl.c...
compiling dl_aesadv.c...
compiling dl_common.c...
compiling dl_aes.c...
compiling dl_adc12.c...
compiling dl_interrupt.c...
compiling key.c...
compiling oled.c...
compiling led.c...
compiling motor.c...
compiling inv_mpu_dmp_motion_driver.c...
compiling servo.c...
compiling encoder.c...
compiling adc.c...
compiling inv_mpu.c...
compiling imu.c...
compiling IR_Module.c...
compiling imu_bus.c...
compiling ball_position_capture.c...
compiling ball_balance.c...
compiling ball_static_task.c...
compiling control.c...
compiling DataScope_DP.C...
../Control/show.c(978): warning: passing 'char[5]' to parameter of type 'const uint8_t *' (aka 'const unsigned char *') converts between pointers to integer types where one is of the unique plain 'char' type and the other is not [-Wpointer-sign]
  978 |              if(Car_Mode==0)   OLED_ShowString(0,0,"Mec ");
      |                                                    ^~~~~~
../Hardware\oled.h(22): note: passing argument to parameter 'p' here
   22 | void OLED_ShowString(uint8_t x,uint8_t y,const uint8_t *p);
      |                                                         ^
../Control/show.c(979): warning: passing 'char[5]' to parameter of type 'const uint8_t *' (aka 'const unsigned char *') converts between pointers to integer types where one is of the unique plain 'char' type and the other is not [-Wpointer-sign]
  979 |         else if(Car_Mode==1)   OLED_ShowString(0,0,"Omni");
      |                                                    ^~~~~~
../Hardware\oled.h(22): note: passing argument to parameter 'p' here
   22 | void OLED_ShowString(uint8_t x,uint8_t y,const uint8_t *p);
      |                                                         ^
../Control/show.c(980): warning: passing 'char[5]' to parameter of type 'const uint8_t *' (aka 'const unsigned char *') converts between pointers to integer types where one is of the unique plain 'char' type and the other is not [-Wpointer-sign]
  980 |         else if(Car_Mode==2)   OLED_ShowString(0,0,"AKM ");
      |                                                    ^~~~~~
../Hardware\oled.h(22): note: passing argument to parameter 'p' here
   22 | void OLED_ShowString(uint8_t x,uint8_t y,const uint8_t *p);
      |                                                         ^
../Control/show.c(981): warning: passing 'char[5]' to parameter of type 'const uint8_t *' (aka 'const unsigned char *') converts between pointers to integer types where one is of the unique plain 'char' type and the other is not [-Wpointer-sign]
  981 |         else if(Car_Mode==3)   OLED_ShowString(0,0,"Diff");
      |                                                    ^~~~~~
../Hardware\oled.h(22): note: passing argument to parameter 'p' here
   22 | void OLED_ShowString(uint8_t x,uint8_t y,const uint8_t *p);
      |                                                         ^
../Control/show.c(982): warning: passing 'char[5]' to parameter of type 'const uint8_t *' (aka 'const unsigned char *') converts between pointers to integer types where one is of the unique plain 'char' type and the other is not [-Wpointer-sign]
  982 |         else if(Car_Mode==4)   OLED_ShowString(0,0,"4WD ");
      |                                                    ^~~~~~
../Hardware\oled.h(22): note: passing argument to parameter 'p' here
   22 | void OLED_ShowString(uint8_t x,uint8_t y,const uint8_t *p);
      |                                                         ^
../Control/show.c(983): warning: passing 'char[5]' to parameter of type 'const uint8_t *' (aka 'const unsigned char *') converts between pointers to integer types where one is of the unique plain 'char' type and the other is not [-Wpointer-sign]
  983 |                 else if(Car_Mode==5)   OLED_ShowString(0,0,"Tank");
      |                                                            ^~~~~~
../Hardware\oled.h(22): note: passing argument to parameter 'p' here
   22 | void OLED_ShowString(uint8_t x,uint8_t y,const uint8_t *p);
      |                                                         ^
../Control/show.c(984): warning: passing 'char[8]' to parameter of type 'const uint8_t *' (aka 'const unsigned char *') converts between pointers to integer types where one is of the unique plain 'char' type and the other is not [-Wpointer-sign]
  984 |                 OLED_ShowString(0,10,"Servo: ");
      |                                      ^~~~~~~~~
../Hardware\oled.h(22): note: passing argument to parameter 'p' here
   22 | void OLED_ShowString(uint8_t x,uint8_t y,const uint8_t *p);
      |                                                         ^
../Control/show.c(987): warning: passing 'char[4]' to parameter of type 'const uint8_t *' (aka 'const unsigned char *') converts between pointers to integer types where one is of the unique plain 'char' type and the other is not [-Wpointer-sign]
  987 |             if(Run_Mode==0)   OLED_ShowString(90,0,"APP");
      |                                                    ^~~~~
../Hardware\oled.h(22): note: passing argument to parameter 'p' here
   22 | void OLED_ShowString(uint8_t x,uint8_t y,const uint8_t *p);
      |                                                         ^
../Control/show.c(998): warning: passing 'char[2]' to parameter of type 'const uint8_t *' (aka 'const unsigned char *') converts between pointers to integer types where one is of the unique plain 'char' type and the other is not [-Wpointer-sign]
  998 |                               OLED_ShowString(00,30,"L");
      |                                                     ^~~
../Hardware\oled.h(22): note: passing argument to parameter 'p' here
   22 | void OLED_ShowString(uint8_t x,uint8_t y,const uint8_t *p);
      |                                                         ^
../Control/show.c(999): warning: passing 'char[2]' to parameter of type 'const uint8_t *' (aka 'const unsigned char *') converts between pointers to integer types where one is of the unique plain 'char' type and the other is not [-Wpointer-sign]
  999 |         if((MotorA.Target_Encoder*1000)<0)          OLED_ShowString(16,30,"-"),
      |                                                                           ^~~
../Hardware\oled.h(22): note: passing argument to parameter 'p' here
   22 | void OLED_ShowString(uint8_t x,uint8_t y,const uint8_t *p);
      |                                                         ^
../Control/show.c(1001): warning: passing 'char[2]' to parameter of type 'const uint8_t *' (aka 'const unsigned char *') converts between pointers to integer types where one is of the unique plain 'char' type and the other is not [-Wpointer-sign]
 1001 |         if((MotorA.Target_Encoder*1000)>=0)       OLED_ShowString(16,30,"+"),
      |                                                                         ^~~
../Hardware\oled.h(22): note: passing argument to parameter 'p' here
   22 | void OLED_ShowString(uint8_t x,uint8_t y,const uint8_t *p);
      |                                                         ^
../Control/show.c(1004): warning: passing 'char[2]' to parameter of type 'const uint8_t *' (aka 'const unsigned char *') converts between pointers to integer types where one is of the unique plain 'char' type and the other is not [-Wpointer-sign]
 1004 |         if(MotorA.Current_Encoder<0)   OLED_ShowString(60,30,"-");
      |                                                              ^~~
../Hardware\oled.h(22): note: passing argument to parameter 'p' here
   22 | void OLED_ShowString(uint8_t x,uint8_t y,const uint8_t *p);
      |                                                         ^
../Control/show.c(1005): warning: passing 'char[2]' to parameter of type 'const uint8_t *' (aka 'const unsigned char *') converts between pointers to integer types where one is of the unique plain 'char' type and the other is not [-Wpointer-sign]
 1005 |         if(MotorA.Current_Encoder>=0)    OLED_ShowString(60,30,"+");
      |                                                                ^~~
../Hardware\oled.h(22): note: passing argument to parameter 'p' here
   22 | void OLED_ShowString(uint8_t x,uint8_t y,const uint8_t *p);
      |                                                         ^
../Control/show.c(1007): warning: passing 'char[5]' to parameter of type 'const uint8_t *' (aka 'const unsigned char *') converts between pointers to integer types where one is of the unique plain 'char' type and the other is not [-Wpointer-sign]
 1007 |                                                     OLED_ShowString(96,30,"mm/s");
      |                                                                           ^~~~~~
../Hardware\oled.h(22): note: passing argument to parameter 'p' here
   22 | void OLED_ShowString(uint8_t x,uint8_t y,const uint8_t *p);
      |                                                         ^
../Control/show.c(1010): warning: passing 'char[2]' to parameter of type 'const uint8_t *' (aka 'const unsigned char *') converts between pointers to integer types where one is of the unique plain 'char' type and the other is not [-Wpointer-sign]
 1010 |                               OLED_ShowString(00,40,"R");
      |                                                     ^~~
../Hardware\oled.h(22): note: passing argument to parameter 'p' here
   22 | void OLED_ShowString(uint8_t x,uint8_t y,const uint8_t *p);
      |                                                         ^
../Control/show.c(1011): warning: passing 'char[2]' to parameter of type 'const uint8_t *' (aka 'const unsigned char *') converts between pointers to integer types where one is of the unique plain 'char' type and the other is not [-Wpointer-sign]
 1011 |         if((MotorB.Target_Encoder*1000)<0)         OLED_ShowString(16,40,"-"),
      |                                                                          ^~~
../Hardware\oled.h(22): note: passing argument to parameter 'p' here
   22 | void OLED_ShowString(uint8_t x,uint8_t y,const uint8_t *p);
      |                                                         ^
../Control/show.c(1013): warning: passing 'char[2]' to parameter of type 'const uint8_t *' (aka 'const unsigned char *') converts between pointers to integer types where one is of the unique plain 'char' type and the other is not [-Wpointer-sign]
 1013 |         if((MotorB.Target_Encoder*1000)>=0)             OLED_ShowString(16,40,"+"),
      |                                                                               ^~~
../Hardware\oled.h(22): note: passing argument to parameter 'p' here
   22 | void OLED_ShowString(uint8_t x,uint8_t y,const uint8_t *p);
      |                                                         ^
../Control/show.c(1016): warning: passing 'char[2]' to parameter of type 'const uint8_t *' (aka 'const unsigned char *') converts between pointers to integer types where one is of the unique plain 'char' type and the other is not [-Wpointer-sign]
 1016 |         if(MotorB.Current_Encoder<0)    OLED_ShowString(60,40,"-");
      |                                                               ^~~
../Hardware\oled.h(22): note: passing argument to parameter 'p' here
   22 | void OLED_ShowString(uint8_t x,uint8_t y,const uint8_t *p);
      |                                                         ^
../Control/show.c(1017): warning: passing 'char[2]' to parameter of type 'const uint8_t *' (aka 'const unsigned char *') converts between pointers to integer types where one is of the unique plain 'char' type and the other is not [-Wpointer-sign]
 1017 |         if(MotorB.Current_Encoder>=0)   OLED_ShowString(60,40,"+");
      |                                                               ^~~
../Hardware\oled.h(22): note: passing argument to parameter 'p' here
   22 | void OLED_ShowString(uint8_t x,uint8_t y,const uint8_t *p);
      |                                                         ^
../Control/show.c(1019): warning: passing 'char[5]' to parameter of type 'const uint8_t *' (aka 'const unsigned char *') converts between pointers to integer types where one is of the unique plain 'char' type and the other is not [-Wpointer-sign]
 1019 |                                                     OLED_ShowString(96,40,"mm/s");
      |                                                                           ^~~~~~
../Hardware\oled.h(22): note: passing argument to parameter 'p' here
   22 | void OLED_ShowString(uint8_t x,uint8_t y,const uint8_t *p);
      |                                                         ^
../Control/show.c(1022): warning: passing 'char[2]' to parameter of type 'const uint8_t *' (aka 'const unsigned char *') converts between pointers to integer types where one is of the unique plain 'char' type and the other is not [-Wpointer-sign]
 1022 |                               OLED_ShowString(0,50,"V");
      |                                                    ^~~
../Hardware\oled.h(22): note: passing argument to parameter 'p' here
   22 | void OLED_ShowString(uint8_t x,uint8_t y,const uint8_t *p);
      |                                                         ^
../Control/show.c(1023): warning: passing 'char[2]' to parameter of type 'const uint8_t *' (aka 'const unsigned char *') converts between pointers to integer types where one is of the unique plain 'char' type and the other is not [-Wpointer-sign]
 1023 |                                                     OLED_ShowString(30,50,".");
      |                                                                           ^~~
../Hardware\oled.h(22): note: passing argument to parameter 'p' here
   22 | void OLED_ShowString(uint8_t x,uint8_t y,const uint8_t *p);
      |                                                         ^
../Control/show.c(1024): warning: passing 'char[2]' to parameter of type 'const uint8_t *' (aka 'const unsigned char *') converts between pointers to integer types where one is of the unique plain 'char' type and the other is not [-Wpointer-sign]
 1024 |                                                     OLED_ShowString(64,50,"V");
      |                                                                           ^~~
../Hardware\oled.h(22): note: passing argument to parameter 'p' here
   22 | void OLED_ShowString(uint8_t x,uint8_t y,const uint8_t *p);
      |                                                         ^
../Control/show.c(1027): warning: passing 'char[4]' to parameter of type 'const uint8_t *' (aka 'const unsigned char *') converts between pointers to integer types where one is of the unique plain 'char' type and the other is not [-Wpointer-sign]
 1027 |         if(Flag_Stop)         OLED_ShowString(95,50,"OFF");
      |                                                     ^~~~~
../Hardware\oled.h(22): note: passing argument to parameter 'p' here
   22 | void OLED_ShowString(uint8_t x,uint8_t y,const uint8_t *p);
      |                                                         ^
../Control/show.c(1028): warning: passing 'char[4]' to parameter of type 'const uint8_t *' (aka 'const unsigned char *') converts between pointers to integer types where one is of the unique plain 'char' type and the other is not [-Wpointer-sign]
 1028 |         if(!Flag_Stop)        OLED_ShowString(95,50,"ON ");
      |                                                     ^~~~~
../Hardware\oled.h(22): note: passing argument to parameter 'p' here
   22 | void OLED_ShowString(uint8_t x,uint8_t y,const uint8_t *p);
      |                                                         ^
25 warnings generated.
compiling show.c...
compiling uart_callback.c...
compiling ball_hold_lap.c...
compiling turn_calibration.c...
compiling straight_turn_test.c...
linking...
Program Size: Code=54624 RO-data=7360 RW-data=228 ZI-data=6244  
FromELF: creating hex file...
".\Objects\empty_LP_MSPM0G3507_nortos_keil.axf" - 0 Error(s), 25 Warning(s).

<h2>Software Packages used:</h2>

Package Vendor: TexasInstruments
                https://software-dl.ti.com/msp430/esd/MSPM0-CMSIS/MSPM0G1X0X_G3X0X/latest/exports/TexasInstruments.MSPM0G1X0X_G3X0X_DFP.1.3.1.pack
                TexasInstruments::MSPM0G1X0X_G3X0X_DFP@1.3.1
                Device Family Pack for Texas Instruments MSPM0G1X0X_G3X0X Series

<h2>Collection of Component include folders:</h2>

<h2>Collection of Component Files used:</h2>
Build Time Elapsed:  00:00:02
</pre>
</body>
</html>
