<html>
<body>
<pre>
<h1>µVision Build Log</h1>
<h2>Tool Versions:</h2>
IDE-Version: ¦ÌVision V5.43.1.0
Copyright (C) 2025 ARM Ltd and ARM Germany GmbH. All rights reserved.
License Information: zhu zhichao, CUGB, LIC=JL28G-VIVLV-BSRYX-HDS2W-JSC4D-TUYK0
 
Tool Versions:
Toolchain:       MDK-ARM Plus  Version: 5.43.0.0
Toolchain Path:  D:\Infineon\Keli\Keil_v5\ARM\ARMCLANG\Bin
C Compiler:      ArmClang.exe V6.24
Assembler:       Armasm.exe V6.24
Linker/Locator:  ArmLink.exe V6.24
Library Manager: ArmAr.exe V6.24
Hex Converter:   FromElf.exe V6.24
CPU DLL:         SARMCM3.DLL V5.43.0.0
Dialog DLL:      DARMCM1.DLL V1.19.6.0
Target DLL:      CMSIS_AGDI.dll V1.33.24.0
Dialog DLL:      TARMCM1.DLL V1.14.6.0
 
<h2>Project:</h2>
D:\ti\keil_project\WHEELTEC_C07A_R3XAkm\keil\empty_LP_MSPM0G3507_nortos_keil.uvprojx
Project File Date:  08/01/2026

<h2>Output:</h2>
*** Using Compiler 'V6.24', folder: 'D:\Infineon\Keli\Keil_v5\ARM\ARMCLANG\Bin'
Rebuild target 'MSPM0G3507_Project'
Before Build - User command #1: cmd.exe /C "D:\ti\keil_project\WHEELTEC_C07A_R3XAkm\keil\../tools/keil/syscfg.bat 'D:\ti\keil_project\WHEELTEC_C07A_R3XAkm\keil\' empty.syscfg"
Couldn't find Sysconfig Tool "C:\ti\sysconfig_1.20.0\sysconfig_cli.bat"
"Update the file located at <sdk path>/tools/keil/syscfg.bat"
compiling board.c...
compiling dl_uart.c...
compiling dl_spi.c...
compiling dl_trng.c...
compiling dl_vref.c...
compiling dl_opa.c...
compiling dl_timer.c...
compiling dl_rtc_common.c...
compiling empty.c...
compiling dl_mcan.c...
compiling ti_msp_dl_config.c...
compiling dl_mathacl.c...
compiling dl_lfss.c...
compiling dl_keystorectl.c...
compiling dl_lcd.c...
compiling dl_i2c.c...
compiling dl_dma.c...
compiling dl_crcp.c...
compiling dl_dac12.c...
compiling dl_crc.c...
compiling dl_common.c...
compiling dl_flashctl.c...
compiling dl_aesadv.c...
compiling dl_adc12.c...
compiling dl_aes.c...
compiling dl_interrupt.c...
compiling key.c...
compiling servo.c...
compiling led.c...
compiling oled.c...
compiling adc.c...
compiling encoder.c...
compiling motor.c...
compiling inv_mpu.c...
compiling IR_Module.c...
assembling startup_mspm0g350x_uvision.s...
compiling imu_bus.c...
compiling imu.c...
compiling vision_protocol.c...
compiling inv_mpu_dmp_motion_driver.c...
compiling ball_state_observer.c...
compiling ball_position_feedforward.c...
compiling ball_balance.c...
compiling ball_position_capture.c...
compiling DataScope_DP.C...
compiling control.c...
compiling ball_static_task.c...
compiling show.c...
compiling uart_callback.c...
compiling startup_motion_gate.c...
compiling ball_hold_lap.c...
compiling turn_calibration.c...
compiling straight_turn_test.c...
linking...
Program Size: Code=55296 RO-data=7352 RW-data=232 ZI-data=6256  
FromELF: creating hex file...
".\Objects\empty_LP_MSPM0G3507_nortos_keil.axf" - 0 Error(s), 0 Warning(s).

<h2>Software Packages used:</h2>

Package Vendor: TexasInstruments
                https://software-dl.ti.com/msp430/esd/MSPM0-CMSIS/MSPM0G1X0X_G3X0X/latest/exports/TexasInstruments.MSPM0G1X0X_G3X0X_DFP.1.3.1.pack
                TexasInstruments::MSPM0G1X0X_G3X0X_DFP@1.3.1
                Device Family Pack for Texas Instruments MSPM0G1X0X_G3X0X Series

<h2>Collection of Component include folders:</h2>

<h2>Collection of Component Files used:</h2>
Build Time Elapsed:  00:00:02
</pre>
</body>
</html>
