*** Using Compiler 'V6.24', folder: 'D:\Infineon\Keli\Keil_v5\ARM\ARMCLANG\Bin'
Build target 'MSPM0G3507_Project'
Before Build - User command #1: cmd.exe /C "D:\ti\keil_project\WHEELTEC_C07A_R3XAkm\keil\../tools/keil/syscfg.bat 'D:\ti\keil_project\WHEELTEC_C07A_R3XAkm\keil\' empty.syscfg"

Couldn't find Sysconfig Tool "C:\ti\sysconfig_1.20.0\sysconfig_cli.bat"
"Update the file located at <sdk path>/tools/keil/syscfg.bat"

../Control/show.c(658): warning: passing 'char[5]' to parameter of type 'const uint8_t *' (aka 'const unsigned char *') converts between pointers to integer types where one is of the unique plain 'char' type and the other is not [-Wpointer-sign]
  658 |              if(Car_Mode==0)   OLED_ShowString(0,0,"Mec ");
      |                                                    ^~~~~~
../Hardware\oled.h(22): note: passing argument to parameter 'p' here
   22 | void OLED_ShowString(uint8_t x,uint8_t y,const uint8_t *p);
      |                                                         ^
../Control/show.c(659): warning: passing 'char[5]' to parameter of type 'const uint8_t *' (aka 'const unsigned char *') converts between pointers to integer types where one is of the unique plain 'char' type and the other is not [-Wpointer-sign]
  659 |         else if(Car_Mode==1)   OLED_ShowString(0,0,"Omni");
      |                                                    ^~~~~~
../Hardware\oled.h(22): note: passing argument to parameter 'p' here
   22 | void OLED_ShowString(uint8_t x,uint8_t y,const uint8_t *p);
      |                                                         ^
../Control/show.c(660): warning: passing 'char[5]' to parameter of type 'const uint8_t *' (aka 'const unsigned char *') converts between pointers to integer types where one is of the unique plain 'char' type and the other is not [-Wpointer-sign]
  660 |         else if(Car_Mode==2)   OLED_ShowString(0,0,"AKM ");
      |                                                    ^~~~~~
../Hardware\oled.h(22): note: passing argument to parameter 'p' here
   22 | void OLED_ShowString(uint8_t x,uint8_t y,const uint8_t *p);
      |                                                         ^
../Control/show.c(661): warning: passing 'char[5]' to parameter of type 'const uint8_t *' (aka 'const unsigned char *') converts between pointers to integer types where one is of the unique plain 'char' type and the other is not [-Wpointer-sign]
  661 |         else if(Car_Mode==3)   OLED_ShowString(0,0,"Diff");
      |                                                    ^~~~~~
../Hardware\oled.h(22): note: passing argument to parameter 'p' here
   22 | void OLED_ShowString(uint8_t x,uint8_t y,const uint8_t *p);
      |                                                         ^
../Control/show.c(662): warning: passing 'char[5]' to parameter of type 'const uint8_t *' (aka 'const unsigned char *') converts between pointers to integer types where one is of the unique plain 'char' type and the other is not [-Wpointer-sign]
  662 |         else if(Car_Mode==4)   OLED_ShowString(0,0,"4WD ");
      |                                                    ^~~~~~
../Hardware\oled.h(22): note: passing argument to parameter 'p' here
   22 | void OLED_ShowString(uint8_t x,uint8_t y,const uint8_t *p);
      |                                                         ^
../Control/show.c(663): warning: passing 'char[5]' to parameter of type 'const uint8_t *' (aka 'const unsigned char *') converts between pointers to integer types where one is of the unique plain 'char' type and the other is not [-Wpointer-sign]
  663 |                 else if(Car_Mode==5)   OLED_ShowString(0,0,"Tank");
      |                                                            ^~~~~~
../Hardware\oled.h(22): note: passing argument to parameter 'p' here
   22 | void OLED_ShowString(uint8_t x,uint8_t y,const uint8_t *p);
      |                                                         ^
../Control/show.c(664): warning: passing 'char[8]' to parameter of type 'const uint8_t *' (aka 'const unsigned char *') converts between pointers to integer types where one is of the unique plain 'char' type and the other is not [-Wpointer-sign]
  664 |                 OLED_ShowString(0,10,"Servo: ");
      |                                      ^~~~~~~~~
../Hardware\oled.h(22): note: passing argument to parameter 'p' here
   22 | void OLED_ShowString(uint8_t x,uint8_t y,const uint8_t *p);
      |                                                         ^
../Control/show.c(667): warning: passing 'char[4]' to parameter of type 'const uint8_t *' (aka 'const unsigned char *') converts between pointers to integer types where one is of the unique plain 'char' type and the other is not [-Wpointer-sign]
  667 |             if(Run_Mode==0)   OLED_ShowString(90,0,"APP");
      |                                                    ^~~~~
../Hardware\oled.h(22): note: passing argument to parameter 'p' here
   22 | void OLED_ShowString(uint8_t x,uint8_t y,const uint8_t *p);
      |                                                         ^
../Control/show.c(678): warning: passing 'char[2]' to parameter of type 'const uint8_t *' (aka 'const unsigned char *') converts between pointers to integer types where one is of the unique plain 'char' type and the other is not [-Wpointer-sign]
  678 |                               OLED_ShowString(00,30,"L");
      |                                                     ^~~
../Hardware\oled.h(22): note: passing argument to parameter 'p' here
   22 | void OLED_ShowString(uint8_t x,uint8_t y,const uint8_t *p);
      |                                                         ^
../Control/show.c(679): warning: passing 'char[2]' to parameter of type 'const uint8_t *' (aka 'const unsigned char *') converts between pointers to integer types where one is of the unique plain 'char' type and the other is not [-Wpointer-sign]
  679 |         if((MotorA.Target_Encoder*1000)<0)          OLED_ShowString(16,30,"-"),
      |                                                                           ^~~
../Hardware\oled.h(22): note: passing argument to parameter 'p' here
   22 | void OLED_ShowString(uint8_t x,uint8_t y,const uint8_t *p);
      |                                                         ^
../Control/show.c(681): warning: passing 'char[2]' to parameter of type 'const uint8_t *' (aka 'const unsigned char *') converts between pointers to integer types where one is of the unique plain 'char' type and the other is not [-Wpointer-sign]
  681 |         if((MotorA.Target_Encoder*1000)>=0)       OLED_ShowString(16,30,"+"),
      |                                                                         ^~~
../Hardware\oled.h(22): note: passing argument to parameter 'p' here
   22 | void OLED_ShowString(uint8_t x,uint8_t y,const uint8_t *p);
      |                                                         ^
../Control/show.c(684): warning: passing 'char[2]' to parameter of type 'const uint8_t *' (aka 'const unsigned char *') converts between pointers to integer types where one is of the unique plain 'char' type and the other is not [-Wpointer-sign]
  684 |         if(MotorA.Current_Encoder<0)   OLED_ShowString(60,30,"-");
      |                                                              ^~~
../Hardware\oled.h(22): note: passing argument to parameter 'p' here
   22 | void OLED_ShowString(uint8_t x,uint8_t y,const uint8_t *p);
      |                                                         ^
../Control/show.c(685): warning: passing 'char[2]' to parameter of type 'const uint8_t *' (aka 'const unsigned char *') converts between pointers to integer types where one is of the unique plain 'char' type and the other is not [-Wpointer-sign]
  685 |         if(MotorA.Current_Encoder>=0)    OLED_ShowString(60,30,"+");
      |                                                                ^~~
../Hardware\oled.h(22): note: passing argument to parameter 'p' here
   22 | void OLED_ShowString(uint8_t x,uint8_t y,const uint8_t *p);
      |                                                         ^
../Control/show.c(687): warning: passing 'char[5]' to parameter of type 'const uint8_t *' (aka 'const unsigned char *') converts between pointers to integer types where one is of the unique plain 'char' type and the other is not [-Wpointer-sign]
  687 |                                                     OLED_ShowString(96,30,"mm/s");
      |                                                                           ^~~~~~
../Hardware\oled.h(22): note: passing argument to parameter 'p' here
   22 | void OLED_ShowString(uint8_t x,uint8_t y,const uint8_t *p);
      |                                                         ^
../Control/show.c(690): warning: passing 'char[2]' to parameter of type 'const uint8_t *' (aka 'const unsigned char *') converts between pointers to integer types where one is of the unique plain 'char' type and the other is not [-Wpointer-sign]
  690 |                               OLED_ShowString(00,40,"R");
      |                                                     ^~~
../Hardware\oled.h(22): note: passing argument to parameter 'p' here
   22 | void OLED_ShowString(uint8_t x,uint8_t y,const uint8_t *p);
      |                                                         ^
../Control/show.c(691): warning: passing 'char[2]' to parameter of type 'const uint8_t *' (aka 'const unsigned char *') converts between pointers to integer types where one is of the unique plain 'char' type and the other is not [-Wpointer-sign]
  691 |         if((MotorB.Target_Encoder*1000)<0)         OLED_ShowString(16,40,"-"),
      |                                                                          ^~~
../Hardware\oled.h(22): note: passing argument to parameter 'p' here
   22 | void OLED_ShowString(uint8_t x,uint8_t y,const uint8_t *p);
      |                                                         ^
../Control/show.c(693): warning: passing 'char[2]' to parameter of type 'const uint8_t *' (aka 'const unsigned char *') converts between pointers to integer types where one is of the unique plain 'char' type and the other is not [-Wpointer-sign]
  693 |         if((MotorB.Target_Encoder*1000)>=0)             OLED_ShowString(16,40,"+"),
      |                                                                               ^~~
../Hardware\oled.h(22): note: passing argument to parameter 'p' here
   22 | void OLED_ShowString(uint8_t x,uint8_t y,const uint8_t *p);
      |                                                         ^
../Control/show.c(696): warning: passing 'char[2]' to parameter of type 'const uint8_t *' (aka 'const unsigned char *') converts between pointers to integer types where one is of the unique plain 'char' type and the other is not [-Wpointer-sign]
  696 |         if(MotorB.Current_Encoder<0)    OLED_ShowString(60,40,"-");
      |                                                               ^~~
../Hardware\oled.h(22): note: passing argument to parameter 'p' here
   22 | void OLED_ShowString(uint8_t x,uint8_t y,const uint8_t *p);
      |                                                         ^
../Control/show.c(697): warning: passing 'char[2]' to parameter of type 'const uint8_t *' (aka 'const unsigned char *') converts between pointers to integer types where one is of the unique plain 'char' type and the other is not [-Wpointer-sign]
  697 |         if(MotorB.Current_Encoder>=0)   OLED_ShowString(60,40,"+");
      |                                                               ^~~
../Hardware\oled.h(22): note: passing argument to parameter 'p' here
   22 | void OLED_ShowString(uint8_t x,uint8_t y,const uint8_t *p);
      |                                                         ^
../Control/show.c(699): warning: passing 'char[5]' to parameter of type 'const uint8_t *' (aka 'const unsigned char *') converts between pointers to integer types where one is of the unique plain 'char' type and the other is not [-Wpointer-sign]
  699 |                                                     OLED_ShowString(96,40,"mm/s");
      |                                                                           ^~~~~~
../Hardware\oled.h(22): note: passing argument to parameter 'p' here
   22 | void OLED_ShowString(uint8_t x,uint8_t y,const uint8_t *p);
      |                                                         ^
../Control/show.c(702): warning: passing 'char[2]' to parameter of type 'const uint8_t *' (aka 'const unsigned char *') converts between pointers to integer types where one is of the unique plain 'char' type and the other is not [-Wpointer-sign]
  702 |                               OLED_ShowString(0,50,"V");
      |                                                    ^~~
../Hardware\oled.h(22): note: passing argument to parameter 'p' here
   22 | void OLED_ShowString(uint8_t x,uint8_t y,const uint8_t *p);
      |                                                         ^
../Control/show.c(703): warning: passing 'char[2]' to parameter of type 'const uint8_t *' (aka 'const unsigned char *') converts between pointers to integer types where one is of the unique plain 'char' type and the other is not [-Wpointer-sign]
  703 |                                                     OLED_ShowString(30,50,".");
      |                                                                           ^~~
../Hardware\oled.h(22): note: passing argument to parameter 'p' here
   22 | void OLED_ShowString(uint8_t x,uint8_t y,const uint8_t *p);
      |                                                         ^
../Control/show.c(704): warning: passing 'char[2]' to parameter of type 'const uint8_t *' (aka 'const unsigned char *') converts between pointers to integer types where one is of the unique plain 'char' type and the other is not [-Wpointer-sign]
  704 |                                                     OLED_ShowString(64,50,"V");
      |                                                                           ^~~
../Hardware\oled.h(22): note: passing argument to parameter 'p' here
   22 | void OLED_ShowString(uint8_t x,uint8_t y,const uint8_t *p);
      |                                                         ^
../Control/show.c(707): warning: passing 'char[4]' to parameter of type 'const uint8_t *' (aka 'const unsigned char *') converts between pointers to integer types where one is of the unique plain 'char' type and the other is not [-Wpointer-sign]
  707 |         if(Flag_Stop)         OLED_ShowString(95,50,"OFF");
      |                                                     ^~~~~
../Hardware\oled.h(22): note: passing argument to parameter 'p' here
   22 | void OLED_ShowString(uint8_t x,uint8_t y,const uint8_t *p);
      |                                                         ^
../Control/show.c(708): warning: passing 'char[4]' to parameter of type 'const uint8_t *' (aka 'const unsigned char *') converts between pointers to integer types where one is of the unique plain 'char' type and the other is not [-Wpointer-sign]
  708 |         if(!Flag_Stop)        OLED_ShowString(95,50,"ON ");
      |                                                     ^~~~~
../Hardware\oled.h(22): note: passing argument to parameter 'p' here
   22 | void OLED_ShowString(uint8_t x,uint8_t y,const uint8_t *p);
      |                                                         ^
25 warnings generated.
compiling show.c...
linking...
Program Size: Code=38212 RO-data=6652 RW-data=172 ZI-data=5948  
FromELF: creating hex file...
".\Objects\empty_LP_MSPM0G3507_nortos_keil.axf" - 0 Error(s), 25 Warning(s).
Build Time Elapsed:  00:00:01
